XATO  02-PmLesson1-uyga-vazifa.jsx  (0 ekran)  → s0:lesson-root chizilmadi
 ok   05-HtmlTakrorlashLesson.jsx  (18 ekran)
 ok   02-PmLesson1.jsx  (18 ekran)
 ok   04-Htmllesson2.jsx  (19 ekran)
XATO  06-PmLesson2-uyga-vazifa.jsx  (0 ekran)  → s0:lesson-root chizilmadi
 ok   06-PmLesson2.jsx  (17 ekran)
 ok   03-Htmllesson1.jsx  (18 ekran)
 ok   01-InternetLesson.jsx  (22 ekran)
 ok   09-HtmlPractice.jsx  (20 ekran)
 ok   08-CssLesson2.jsx  (20 ekran)
 ok   10-VsCodeLesson.jsx  (19 ekran)
 ok   07-CssLesson1.jsx  (22 ekran)
 ok   11-CssPractice.jsx  (20 ekran)
XATO  14-PmLesson3-uyga-vazifa.jsx  (0 ekran)  → s0:lesson-root chizilmadi
XATO  02-PmLesson4-uyga-vazifa.jsx  (0 ekran)  → s0:lesson-root chizilmadi
 ok   13-DeployLesson.jsx  (17 ekran)
 ok   12-GitLesson.jsx  (18 ekran)
 ok   14-PmLesson3.jsx  (17 ekran)
 ok   02-PmLesson4.jsx  (17 ekran)
 ok   01-JsIntroLesson.jsx  (20 ekran)
XATO  08-PmLesson5-uyga-vazifa.jsx  (0 ekran)  → s0:lesson-root chizilmadi
 ok   04-JsVarsLesson.jsx  (20 ekran)
 ok   05-JsConditionsLesson.jsx  (19 ekran)
 ok   06-JsLoopsLesson.jsx  (19 ekran)
 ok   07-JsFunctionsLesson.jsx  (20 ekran)
 ok   08-PmLesson5.jsx  (18 ekran)
 ok   10-PracticeLesson2.jsx  (19 ekran)
 ok   09-PracticeLesson1.jsx  (19 ekran)
 ok   12-PracticeLesson3.jsx  (19 ekran)
XATO  14-PmLesson6-uyga-vazifa.jsx  (0 ekran)  → s0:lesson-root chizilmadi
 ok   11-PeanStackLesson.jsx  (20 ekran)
 ok   14-PmLesson6.jsx  (18 ekran)
 ok   13-PracticeLesson4.jsx  (19 ekran)
XATO  02-PmUserStoryLesson-uyga-vazifa.jsx  (0 ekran)  → s0:lesson-root chizilmadi
XATO  06-PmLesson8-uyga-vazifa.jsx  (0 ekran)  → s0:lesson-root chizilmadi
 ok   02-PmUserStoryLesson.jsx  (16 ekran)
 ok   06-PmLesson8.jsx  (17 ekran)
 ok   01-ReactIntroLesson.jsx  (20 ekran)
 ok   04-ReactFirstComponentLesson.jsx  (23 ekran)
 ok   05-ReactStateEffectLesson.jsx  (22 ekran)
XATO  11-PmLesson9-uyga-vazifa.jsx  (0 ekran)  → s0:lesson-root chizilmadi
 ok   07-ReactPropsReuseLesson.jsx  (21 ekran)
 ok   09-ReactApiGetLesson.jsx  (20 ekran)
 ok   08-ReactCrudPracticeLesson.jsx  (22 ekran)
 ok   11-PmLesson9.jsx  (16 ekran)
XATO  15-PmLesson10-uyga-vazifa.jsx  (0 ekran)  → s0:lesson-root chizilmadi
 ok   10-ReactApiPostLesson.jsx  (23 ekran)
 ok   12-ReactRouterPracticeLesson.jsx  (22 ekran)
 ok   15-PmLesson10.jsx  (16 ekran)
 ok   13-ReactProjectDayLesson.jsx  (23 ekran)
 ok   14-ReactBuildSiteLesson.jsx  (20 ekran)
XATO  02-PmLesson15-uyga-vazifa.jsx  (0 ekran)  → s0:lesson-root chizilmadi
 ok   02-PmLesson15.jsx  (16 ekran)
XATO  02-PmLesson16-uyga-vazifa.jsx  (0 ekran)  → s0:lesson-root chizilmadi
 ok   01-NestArchAliveLesson.jsx  (22 ekran)
 ok   02-PmLesson16.jsx  (16 ekran)
 ok   03-NestArchResourceLesson.jsx  (22 ekran)
 ok   01-JestUnitTestLesson.jsx  (21 ekran)
XATO  02-PmLesson17-uyga-vazifa.jsx  (0 ekran)  → s0:lesson-root chizilmadi
 ok   04-NestArchPracticeLesson.jsx  (23 ekran)
 ok   03-EdgeCasesTestLesson.jsx  (21 ekran)
 ok   02-PmLesson17.jsx  (16 ekran)
 ok   01-CiCdIntroLesson.jsx  (20 ekran)
XATO  06-PmLesson18-uyga-vazifa.jsx  (0 ekran)  → s0:lesson-root chizilmadi
 ok   04-FullPipelineProjectLesson.jsx  (18 ekran)
 ok   06-PmLesson18.jsx  (16 ekran)
 ok   03-GithubActionsLesson.jsx  (23 ekran)
 ok   05-AiPipelineProjectLesson.jsx  (20 ekran)
XATO  02-PmLesson11-uyga-vazifa.jsx  (0 ekran)  → s0:lesson-root chizilmadi
 ok   07-FullProPipelineLesson.jsx  (20 ekran)
 ok   01-DataIntroLesson.jsx  (23 ekran)
 ok   02-PmLesson11.jsx  (16 ekran)
XATO  07-PmLesson12-uyga-vazifa.jsx  (0 ekran)  → s0:lesson-root chizilmadi
 ok   04-NodeServerLesson.jsx  (21 ekran)
 ok   03-DbSqlNosqlLesson.jsx  (21 ekran)
 ok   05-RoutingLesson.jsx  (21 ekran)
 ok   07-PmLesson12.jsx  (16 ekran)
 ok   06-PostgresCrudLesson.jsx  (21 ekran)
XATO  12-PmLesson13-uyga-vazifa.jsx  (0 ekran)  → s0:lesson-root chizilmadi
 ok   08-BackendCrudPracticeLesson.jsx  (19 ekran)
 ok   12-PmLesson13.jsx  (16 ekran)
 ok   09-ApiPostmanLesson.jsx  (21 ekran)
 ok   10-FullstackConnectPracticeLesson.jsx  (20 ekran)
 ok   11-AuthEnvLesson.jsx  (21 ekran)
XATO  15-PmLesson14-uyga-vazifa.jsx  (0 ekran)  → s0:lesson-root chizilmadi
 ok   15-PmLesson14.jsx  (16 ekran)
 ok   13-FullstackProjectDayLesson.jsx  (25 ekran)
 ok   14-FullstackFeedbackLesson.jsx  (21 ekran)

JAMI 88 fayl · xatoli 18
EXIT=0
